// Jest Snapshot v1, https://goo.gl/fbAQLP

exports[`Props Test <TestModule> 1`] = `
<TestModule
  content="click"
>
  <styled.div>
    <div
      className="sc-bdVaJa bBqccL"
    >
      <styled.button
        onClick={[Function]}
      >
        <button
          className="sc-bwzfXH dfMRuM"
          onClick={[Function]}
        >
          click
        </button>
      </styled.button>
      <styled.p>
        <p
          className="sc-htpNat jmicNh"
        >
          Clicked : 
          1
        </p>
      </styled.p>
    </div>
  </styled.div>
</TestModule>
`;

exports[`Props Test <TestModule> 2`] = `
<TestModule
  content="click"
>
  <styled.div>
    <div
      className="sc-bdVaJa bBqccL"
    >
      <styled.button
        onClick={[Function]}
      >
        <button
          className="sc-bwzfXH dfMRuM"
          onClick={[Function]}
        >
          click
        </button>
      </styled.button>
      <styled.p>
        <p
          className="sc-htpNat jmicNh"
        >
          Clicked : 
          2
        </p>
      </styled.p>
    </div>
  </styled.div>
</TestModule>
`;